// Jest Snapshot v1, https://goo.gl/fbAQLP

exports[`<SoundBoard /> matches snapshot 1`] = `
<div
  className="soundboard-container"
>
  <div
    className="soundboard-inner-container"
  />
</div>
`;
